sdsasdasdadasd
aaa
assss
